// Jest Snapshot v1, https://goo.gl/fbAQLP

exports[`require-return-type snapshot 1`] = `
"[31merror[39m: [1mFunction with return keyword should specify return type[22m [2m(@tinkoff/require-return-type)[22m at [32meslint/rules/tests/require-return-type.fixture.ts:28:6[39m:
  26 |     }
  27 | 
> 28 |     c() {
     |      ^
  29 |         // Should fail
  30 |         return '123';
  31 |     }


[31merror[39m: [1mFunction with return keyword should specify return type[22m [2m(@tinkoff/require-return-type)[22m at [32meslint/rules/tests/require-return-type.fixture.ts:32:7[39m:
  30 |         return '123';
  31 |     }
> 32 |     c2(/* 123 */) {
     |       ^
  33 |         // Should fail
  34 |         return '123';
  35 |     }


[31merror[39m: [1mFunction with return keyword should specify return type[22m [2m(@tinkoff/require-return-type)[22m at [32meslint/rules/tests/require-return-type.fixture.ts:36:7[39m:
  34 |         return '123';
  35 |     }
> 36 |     c3() /* 123 */ {
     |       ^
  37 |         // Should fail
  38 |         return '123';
  39 |     }


[31merror[39m: [1mFunction with return keyword should specify return type[22m [2m(@tinkoff/require-return-type)[22m at [32meslint/rules/tests/require-return-type.fixture.ts:40:7[39m:
  38 |         return '123';
  39 |     }
> 40 |     c4() {
     |       ^
  41 |         // 321 // Should fail
  42 |         return '123';
  43 |     }


[31merror[39m: [1mFunction with return keyword should specify return type[22m [2m(@tinkoff/require-return-type)[22m at [32meslint/rules/tests/require-return-type.fixture.ts:87:1[39m:
  85 | }
  86 | 
> 87 | function ab3() {
     | ^
  88 |     // Should fail
  89 |     return '123';
  90 | }


[31m[1m5 errors found.[22m[39m"
`;
